sizes: 1000, 3000, 10000, 30000, 100000, 300000, 1000000 · budget 20000 ms per render · node v22.22.2
heap limit 13128 MB

scatter — N point marks, four colour series — one <path> each
      1000  vela     63 ms (scene    41, svg    20) ·    1099 elements ·    0 MB
            vega     51 ms (scene    27, svg    19) ·    1135 elements ·    0 MB
      3000  vela    161 ms (scene    80, svg    74) ·    3099 elements ·    1 MB
            vega    134 ms (scene    64, svg    62) ·    3135 elements ·    1 MB
     10000  vela    531 ms (scene   226, svg   273) ·   10099 elements ·    4 MB
            vega    210 ms (scene    52, svg   154) ·   10135 elements ·    3 MB
     30000  vela   1664 ms (scene   585, svg   984) ·   30099 elements ·   11 MB
            vega    653 ms (scene   148, svg   501) ·   30135 elements ·    8 MB
    100000  vela   4753 ms (scene  1736, svg  2716) ·  100099 elements ·   38 MB
            vega   2117 ms (scene   454, svg  1659) ·  100135 elements ·   26 MB
    300000  vela  23311 ms (scene  7326, svg 14938) ·  300099 elements ·  114 MB
            vega  14121 ms (scene  2850, svg 11262) ·  300135 elements ·   77 MB
            (over the 20000 ms budget — this shape stops here)

scatter-plain — N point marks, one colour — the same without a colour scale
      1000  vela     34 ms (scene    26, svg     6) ·    1095 elements ·    0 MB
            vega     39 ms (scene    13, svg    23) ·    1114 elements ·    0 MB
      3000  vela    124 ms (scene    55, svg    65) ·    3082 elements ·    1 MB
            vega     91 ms (scene    46, svg    42) ·    3099 elements ·    1 MB
     10000  vela    670 ms (scene   229, svg   416) ·   10090 elements ·    4 MB
            vega    354 ms (scene    46, svg   297) ·   10114 elements ·    3 MB
     30000  vela   2592 ms (scene   734, svg  1753) ·   30082 elements ·   11 MB
            vega   1523 ms (scene   265, svg  1254) ·   30099 elements ·    8 MB
    100000  vela  10872 ms (scene  2633, svg  7558) ·  100090 elements ·   38 MB
            vega   5446 ms (scene  1472, svg  3972) ·  100114 elements ·   25 MB
    300000  vela  19406 ms (scene  8552, svg  8396) ·  300082 elements ·  114 MB
            vega   8073 ms (scene  1693, svg  6376) ·  300099 elements ·   76 MB
   1000000  vela  99902 ms (scene 18880, svg 77959) · 1000090 elements ·  379 MB
            vega  28440 ms (scene  6449, svg 21986) · 1000114 elements ·  254 MB
            (over the 20000 ms budget — this shape stops here)

line — one line through N points — ONE mark, one <path> with N vertices
      1000  vela     53 ms (scene    43, svg     6) ·      96 elements ·    0 MB
            vega     38 ms (scene    25, svg     6) ·     115 elements ·    0 MB
      3000  vela    104 ms (scene    89, svg     9) ·      83 elements ·    0 MB
            vega     69 ms (scene    58, svg     7) ·     100 elements ·    0 MB
     10000  vela    248 ms (scene   181, svg    33) ·      91 elements ·    0 MB
            vega     95 ms (scene    79, svg    13) ·     115 elements ·    0 MB
     30000  vela    742 ms (scene   567, svg    66) ·      83 elements ·    0 MB
            vega    257 ms (scene   205, svg    49) ·     100 elements ·    0 MB
    100000  vela   3287 ms (scene  2330, svg   643) ·      91 elements ·    2 MB
            vega   1568 ms (scene  1335, svg   229) ·     115 elements ·    1 MB
    300000  vela   7090 ms (scene  5359, svg   758) ·      83 elements ·    5 MB
            vega   3064 ms (scene  2568, svg   494) ·     100 elements ·    4 MB
   1000000  vela  21718 ms (scene 15410, svg  3015) ·      91 elements ·   17 MB
            vega  11981 ms (scene 10360, svg  1617) ·     115 elements ·   15 MB
            (over the 20000 ms budget — this shape stops here)

line-8 — eight lines of N/8 points — eight paths
      1000  vela    191 ms (scene   182, svg     2) ·     109 elements ·    0 MB
            vega     41 ms (scene    31, svg     5) ·     154 elements ·    0 MB
      3000  vela     73 ms (scene    64, svg     5) ·     120 elements ·    0 MB
            vega     57 ms (scene    48, svg     5) ·     175 elements ·    0 MB
     10000  vela    209 ms (scene   177, svg    12) ·     102 elements ·    0 MB
            vega     69 ms (scene    56, svg    10) ·     154 elements ·    0 MB
     30000  vela    595 ms (scene   492, svg    36) ·     120 elements ·    0 MB
            vega    261 ms (scene   219, svg    37) ·     175 elements ·    0 MB
    100000  vela   2091 ms (scene  1679, svg   165) ·     102 elements ·    2 MB
            vega    869 ms (scene   733, svg   129) ·     154 elements ·    1 MB
    300000  vela   7222 ms (scene  5896, svg   584) ·     115 elements ·    5 MB
            vega   2468 ms (scene  2130, svg   333) ·     175 elements ·    4 MB
   1000000  vela  29223 ms (scene 21696, svg  3470) ·     102 elements ·   18 MB
            vega  17836 ms (scene 16286, svg  1545) ·     154 elements ·   15 MB
            (over the 20000 ms budget — this shape stops here)

tick — N tick marks — a strip plot, one rule each
      1000  vela     41 ms (scene    30, svg     9) ·    1062 elements ·    0 MB
            vega     36 ms (scene    12, svg    19) ·    1084 elements ·    0 MB
      3000  vela     97 ms (scene    55, svg    37) ·    3062 elements ·    1 MB
            vega     85 ms (scene    23, svg    59) ·    3084 elements ·    0 MB
     10000  vela    346 ms (scene   193, svg   125) ·   10062 elements ·    2 MB
            vega    155 ms (scene    41, svg   111) ·   10084 elements ·    1 MB
     30000  vela    971 ms (scene   420, svg   458) ·   30062 elements ·    5 MB
            vega    447 ms (scene    98, svg   347) ·   30084 elements ·    4 MB
    100000  vela   2902 ms (scene  1396, svg  1214) ·  100062 elements ·   17 MB
            vega   1927 ms (scene   652, svg  1272) ·  100084 elements ·   14 MB
    300000  vela  12939 ms (scene  4740, svg  3902) ·  300062 elements ·   50 MB
            vega   5878 ms (scene  1607, svg  4266) ·  300084 elements ·   41 MB
   1000000  vela  43532 ms (scene 19546, svg 20135) · 1000062 elements ·  167 MB
            vega  21740 ms (scene  5830, svg 15905) · 1000084 elements ·  138 MB
            (over the 20000 ms budget — this shape stops here)

rect — N rect cells — a heat map, one <path> each
      1000  vela    102 ms (scene    71, svg    27) ·    1180 elements ·    0 MB
            vega     56 ms (scene    32, svg    17) ·    1150 elements ·    0 MB
      3000  vela    171 ms (scene   107, svg    50) ·    3272 elements ·    1 MB
            vega     99 ms (scene    45, svg    50) ·    3242 elements ·    1 MB
     10000  vela    421 ms (scene   270, svg   126) ·   10452 elements ·    2 MB
            vega    170 ms (scene    47, svg   120) ·   10422 elements ·    1 MB
     30000  vela   1092 ms (scene   652, svg   354) ·   30673 elements ·    6 MB
            vega    515 ms (scene   147, svg   365) ·   30643 elements ·    6 MB
    100000  vela   3777 ms (scene  2319, svg  1163) ·  101172 elements ·   19 MB
            vega   1807 ms (scene   487, svg  1317) ·  101142 elements ·   21 MB
    300000  vela  12107 ms (scene  7118, svg  4047) ·  302244 elements ·   57 MB
            vega   6215 ms (scene  2202, svg  4009) ·  302214 elements ·   64 MB
   1000000  vela  38729 ms (scene 22028, svg 14081) · 1004052 elements ·  165 MB
            vega  23274 ms (scene  8057, svg 15209) · 1004022 elements ·  153 MB
            (over the 20000 ms budget — this shape stops here)

area — one filled area over N points — one path, 2N vertices
      1000  vela     61 ms (scene    54, svg     5) ·      96 elements ·    0 MB
            vega     25 ms (scene    18, svg     3) ·     115 elements ·    0 MB
      3000  vela    105 ms (scene    73, svg    28) ·      83 elements ·    0 MB
            vega     56 ms (scene    48, svg     5) ·     100 elements ·    0 MB
     10000  vela    332 ms (scene   249, svg    72) ·      91 elements ·    0 MB
            vega    300 ms (scene   270, svg    26) ·     115 elements ·    0 MB
     30000  vela    704 ms (scene   481, svg   164) ·      83 elements ·    1 MB
            vega    370 ms (scene   307, svg    56) ·     100 elements ·    1 MB
    100000  vela   2373 ms (scene  1532, svg   635) ·      91 elements ·    3 MB
            vega   1050 ms (scene   835, svg   209) ·     115 elements ·    3 MB
    300000  vela   7536 ms (scene  5270, svg  1632) ·      83 elements ·    9 MB
            vega   4645 ms (scene  3809, svg   829) ·     100 elements ·    8 MB
   1000000  vela  34842 ms (scene 19313, svg 12330) ·      91 elements ·   31 MB
            vega  16387 ms (scene 13251, svg  3128) ·     115 elements ·   26 MB
            (over the 20000 ms budget — this shape stops here)

wrote gallery/evg/bench/results/capacity.md and capacity.json
