renderer: ANGLE (Google, Vulkan 1.3.0 (SwiftShader Device (Subzero) (0x0000C0DE)), SwiftShader driver)
marks: 100, 300, 1000, 3000, 10000, 30000 · frames per backend: 15 · dpr: 1

N=100
  scene: 235 vela commands, 141 display commands, 20212 polygon points
  build: vela-svg 51ms · evg-source 50ms · display-list 87ms · parse 3ms
  svg-vela    attach      9.8ms · first paint     10.6ms · frame     4.70ms (212.8 fps) · cpu 1.30ms · 15 frames
  svg-evg     attach     14.6ms · first paint     15.2ms · frame    11.00ms (90.9 fps) · cpu 1.30ms · 15 frames
  html-evg    attach      6.3ms · first paint      7.2ms · frame     3.50ms (285.7 fps) · cpu 0.90ms · 15 frames
  webgl       attach     40.3ms · first paint     40.6ms · frame    85.80ms (11.7 fps) · cpu 8.90ms · 111 draw calls · 15 frames
  webgl-batch attach     11.6ms · first paint     11.7ms · frame    87.50ms (11.4 fps) · cpu 0.70ms · 1 draw calls · 15 frames
  webgl-sdf   attach      1.9ms · first paint      2.1ms · frame    17.10ms (58.5 fps) · cpu 0.10ms · 2 draw calls · 15 frames
  gl-empty    attach      0.0ms · first paint      0.0ms · frame     4.40ms (227.3 fps) · 15 frames

N=300
  scene: 435 vela commands, 341 display commands, 58812 polygon points
  build: vela-svg 45ms · evg-source 36ms · display-list 115ms · parse 10ms
  svg-vela    attach      9.8ms · first paint     11.0ms · frame     8.00ms (125.0 fps) · cpu 2.40ms · 15 frames
  svg-evg     attach     24.4ms · first paint     25.1ms · frame    27.10ms (36.9 fps) · cpu 3.90ms · 15 frames
  html-evg    attach      6.2ms · first paint      7.0ms · frame     7.30ms (137.0 fps) · cpu 2.00ms · 15 frames
  webgl       attach     44.0ms · first paint     44.1ms · frame   237.00ms (4.2 fps) · cpu 20.50ms · 311 draw calls · 15 frames
  webgl-batch attach     31.3ms · first paint     31.5ms · frame   186.50ms (5.4 fps) · cpu 1.00ms · 1 draw calls · 15 frames
  webgl-sdf   attach      1.1ms · first paint      1.2ms · frame    22.00ms (45.5 fps) · cpu 0.10ms · 2 draw calls · 15 frames
  gl-empty    attach      0.0ms · first paint      0.0ms · frame     3.60ms (277.8 fps) · 15 frames

N=1000
  scene: 1135 vela commands, 1041 display commands, 193912 polygon points
  build: vela-svg 61ms · evg-source 61ms · display-list 247ms · parse 26ms
  svg-vela    attach     28.3ms · first paint     30.1ms · frame    16.40ms (61.0 fps) · cpu 5.70ms · 15 frames
  svg-evg     attach     61.2ms · first paint     62.3ms · frame    60.80ms (16.4 fps) · cpu 6.50ms · 15 frames
  html-evg    attach     18.5ms · first paint     20.7ms · frame    14.30ms (69.9 fps) · cpu 5.10ms · 15 frames
  webgl       attach     72.8ms · first paint     73.0ms · frame   641.50ms (1.6 fps) · cpu 55.70ms · 1011 draw calls · 7 frames
  webgl-batch attach     44.6ms · first paint     44.9ms · frame   594.50ms (1.7 fps) · cpu 2.70ms · 1 draw calls · 7 frames
  webgl-sdf   attach      5.0ms · first paint      5.1ms · frame    42.40ms (23.6 fps) · cpu 0.20ms · 2 draw calls · 15 frames
  gl-empty    attach      0.0ms · first paint      0.0ms · frame     3.90ms (256.4 fps) · 15 frames

N=3000
  scene: 3135 vela commands, 3041 display commands, 579912 polygon points
  build: vela-svg 100ms · evg-source 106ms · display-list 868ms · parse 76ms
  svg-vela    attach     41.2ms · first paint     43.4ms · frame    41.10ms (24.3 fps) · cpu 13.50ms · 15 frames
  svg-evg     attach    144.6ms · first paint    148.4ms · frame   170.50ms (5.9 fps) · cpu 14.90ms · 15 frames
  html-evg    attach     38.6ms · first paint     43.8ms · frame    41.40ms (24.2 fps) · cpu 14.70ms · 15 frames
  webgl       attach    192.9ms · first paint    193.1ms · frame  2007.80ms (0.5 fps) · cpu 188.00ms · 3011 draw calls · 3 frames
  webgl-batch attach    178.3ms · first paint    178.5ms · frame  1853.80ms (0.5 fps) · cpu 14.80ms · 1 draw calls · 3 frames
  webgl-sdf   attach     16.9ms · first paint     17.3ms · frame    96.80ms (10.3 fps) · cpu 0.50ms · 2 draw calls · 15 frames
  gl-empty    attach      0.0ms · first paint      0.0ms · frame     4.00ms (250.0 fps) · 15 frames

N=10000
  scene: 10135 vela commands, 10041 display commands, 1930912 polygon points
  build: vela-svg 661ms · evg-source 605ms · display-list 2972ms · parse 268ms
  svg-vela    attach    166.8ms · first paint    185.2ms · frame   158.60ms (6.3 fps) · cpu 58.50ms · 15 frames
  svg-evg     attach    502.0ms · first paint    508.6ms · frame   541.00ms (1.8 fps) · cpu 42.95ms · 8 frames
  html-evg    attach    153.0ms · first paint    167.0ms · frame   133.80ms (7.5 fps) · cpu 43.60ms · 15 frames
  webgl       attach   1009.1ms · first paint   1009.4ms · frame  6538.60ms (0.2 fps) · cpu 591.80ms · 10011 draw calls · 3 frames
  webgl-batch attach    508.9ms · first paint    509.1ms · frame  5588.20ms (0.2 fps) · cpu 57.90ms · 1 draw calls · 3 frames
  webgl-sdf   attach     20.2ms · first paint     20.4ms · frame   313.90ms (3.2 fps) · cpu 0.20ms · 2 draw calls · 13 frames
  gl-empty    attach      0.0ms · first paint      0.0ms · frame     4.10ms (243.9 fps) · 15 frames

N=30000
  scene: 30135 vela commands, 30041 display commands, 5790912 polygon points
  build: vela-svg 1641ms · evg-source 1590ms · display-list 8651ms · parse 1111ms
  svg-vela    attach    855.1ms · first paint    891.2ms · frame   454.70ms (2.2 fps) · cpu 164.80ms · 9 frames
  svg-evg     attach   2791.4ms · first paint   2807.6ms · frame  1583.50ms (0.6 fps) · cpu 123.20ms · 3 frames
  html-evg    attach    332.8ms · first paint    385.7ms · frame   342.70ms (2.9 fps) · cpu 120.20ms · 12 frames
  webgl       attach   3718.1ms · first paint   3718.4ms · frame 15593.00ms (0.1 fps) · cpu 1785.10ms · 30011 draw calls · 3 frames
  webgl-batch attach   1624.8ms · first paint   1625.1ms · frame 16397.30ms (0.1 fps) · cpu 184.30ms · 1 draw calls · 3 frames
  webgl-sdf   attach     43.4ms · first paint     43.6ms · frame   751.50ms (1.3 fps) · cpu 0.60ms · 2 draw calls · 6 frames
  gl-empty    attach      0.0ms · first paint      0.0ms · frame     4.60ms (217.4 fps) · 15 frames

screenshots of every backend at 1000 nodes: gallery/evg/bench/results/shots
wrote gallery/evg/bench/results/bench.json and bench.md
webgl: never faster than the DOM in this sweep.
webgl-batch: never faster than the DOM in this sweep.
webgl-sdf: never faster than the DOM in this sweep.
