warning: type `union_ParseOutcome` should have an upper camel case name
  --> /home/user/Ranger/gallery/rustfriendly/generated/02_option_result.rs:20:10
   |
20 | pub enum union_ParseOutcome {
   |          ^^^^^^^^^^^^^^^^^^ help: convert the identifier to upper camel case: `UnionParseOutcome`
   |
   = note: `#[warn(non_camel_case_types)]` (part of `#[warn(nonstandard_style)]`) on by default

warning: variant `ParseOutcome_Ok` should have an upper camel case name
  --> /home/user/Ranger/gallery/rustfriendly/generated/02_option_result.rs:21:5
   |
21 |     ParseOutcome_Ok(ParseOutcome_Ok),
   |     ^^^^^^^^^^^^^^^ help: convert the identifier to upper camel case: `ParseOutcomeOk`

warning: variant `ParseOutcome_Err` should have an upper camel case name
  --> /home/user/Ranger/gallery/rustfriendly/generated/02_option_result.rs:22:5
   |
22 |     ParseOutcome_Err(Rc<RefCell<ParseOutcome_Err>>),
   |     ^^^^^^^^^^^^^^^^ help: convert the identifier to upper camel case: `ParseOutcomeErr`

warning: type `ParseOutcome_Ok` should have an upper camel case name
   --> /home/user/Ranger/gallery/rustfriendly/generated/02_option_result.rs:158:8
    |
158 | struct ParseOutcome_Ok { 
    |        ^^^^^^^^^^^^^^^ help: convert the identifier to upper camel case: `ParseOutcomeOk`

warning: type `ParseOutcome_Err` should have an upper camel case name
   --> /home/user/Ranger/gallery/rustfriendly/generated/02_option_result.rs:172:8
    |
172 | struct ParseOutcome_Err { 
    |        ^^^^^^^^^^^^^^^^ help: convert the identifier to upper camel case: `ParseOutcomeErr`

warning: type `ParseOutcome__ops` should have an upper camel case name
   --> /home/user/Ranger/gallery/rustfriendly/generated/02_option_result.rs:186:8
    |
186 | struct ParseOutcome__ops { 
    |        ^^^^^^^^^^^^^^^^^ help: convert the identifier to upper camel case: `ParseOutcomeOps`

warning: type `ParseOutcome_Ok` is more private than the item `union_ParseOutcome::ParseOutcome_Ok::0`
   --> /home/user/Ranger/gallery/rustfriendly/generated/02_option_result.rs:21:21
    |
 21 |     ParseOutcome_Ok(ParseOutcome_Ok),
    |                     ^^^^^^^^^^^^^^^ field `union_ParseOutcome::ParseOutcome_Ok::0` is reachable at visibility `pub`
    |
note: but type `ParseOutcome_Ok` is only usable at visibility `pub(crate)`
   --> /home/user/Ranger/gallery/rustfriendly/generated/02_option_result.rs:158:1
    |
158 | struct ParseOutcome_Ok { 
    | ^^^^^^^^^^^^^^^^^^^^^^
    = note: `#[warn(private_interfaces)]` on by default

warning: type `ParseOutcome_Err` is more private than the item `union_ParseOutcome::ParseOutcome_Err::0`
   --> /home/user/Ranger/gallery/rustfriendly/generated/02_option_result.rs:22:22
    |
 22 |     ParseOutcome_Err(Rc<RefCell<ParseOutcome_Err>>),
    |                      ^^^^^^^^^^^^^^^^^^^^^^^^^^^^^ field `union_ParseOutcome::ParseOutcome_Err::0` is reachable at visibility `pub`
    |
note: but type `ParseOutcome_Err` is only usable at visibility `pub(crate)`
   --> /home/user/Ranger/gallery/rustfriendly/generated/02_option_result.rs:172:1
    |
172 | struct ParseOutcome_Err { 
    | ^^^^^^^^^^^^^^^^^^^^^^^

warning: 8 warnings emitted

