
* Ranger Compiler v3.5.1

  Input:  /home/user/Ranger/gallery/rustfriendly/src/03_enums_shapes.rgr
  Output: 03_enums_shapes.rs
  Target: Rust

─────────────────────────────────────────────────────

Livecompiler starting with language => rust
[1/5] Collecting methods...
[2/5] Analyzing code...
[3/5] Static analysis for rust
ownership[infer] fn set:
  param 'idx' -> borrowed
  param 'item' -> borrowed
ownership[infer] fn insert:
  param 'idx' -> borrowed
  param 'item' -> borrowed
ownership[infer] fn get:
  param 'idx' -> borrowed
ownership[infer] fn add:
  param 'item' -> borrowed
ownership[infer] fn map:
  param 'cb' -> borrowed
ownership[infer] fn Constructor:
  param 'body' -> borrowed
  param 'body' -> borrowed
ownership[infer] fn Constructor:
  param 'dx' -> borrowed
  param 'dx' -> borrowed
  param 'dy' -> borrowed
  param 'dy' -> borrowed
ownership[infer] fn equals:
  param 'a' -> borrowed
  param 'b' -> borrowed
ownership[infer] fn notEquals:
  param 'a' -> borrowed
  param 'b' -> borrowed
ownership[infer] fn colorName:
  param 'c' -> borrowed
ownership[infer] fn describe:
  param 'm' -> borrowed
ownership[rust] class Message_Ping -> value
ownership[rust] class Message_Text -> Rc<RefCell> (member of union Message)
ownership[rust] class Message_Move -> value
ownership[rust] class Message__ops -> value
ownership[rust] class EnumsMain -> value
[4/5] Generating code...
[5/5] Writing output...

─────────────────────────────────────────────────────

[OK] Compilation successful!

  Output: /home/user/Ranger/gallery/rustfriendly/generated/03_enums_shapes.rs
  Time:   315ms

Saving results to path : /home/user/Ranger/gallery/rustfriendly/generated
