warning: type `union_Message` should have an upper camel case name
  --> /home/user/Ranger/gallery/rustfriendly/generated/03_enums_shapes.rs:20:10
   |
20 | pub enum union_Message {
   |          ^^^^^^^^^^^^^ help: convert the identifier to upper camel case: `UnionMessage`
   |
   = note: `#[warn(non_camel_case_types)]` (part of `#[warn(nonstandard_style)]`) on by default

warning: variant `Message_Ping` should have an upper camel case name
  --> /home/user/Ranger/gallery/rustfriendly/generated/03_enums_shapes.rs:21:5
   |
21 |     Message_Ping(Message_Ping),
   |     ^^^^^^^^^^^^ help: convert the identifier to upper camel case: `MessagePing`

warning: variant `Message_Text` should have an upper camel case name
  --> /home/user/Ranger/gallery/rustfriendly/generated/03_enums_shapes.rs:22:5
   |
22 |     Message_Text(Rc<RefCell<Message_Text>>),
   |     ^^^^^^^^^^^^ help: convert the identifier to upper camel case: `MessageText`

warning: variant `Message_Move` should have an upper camel case name
  --> /home/user/Ranger/gallery/rustfriendly/generated/03_enums_shapes.rs:23:5
   |
23 |     Message_Move(Message_Move),
   |     ^^^^^^^^^^^^ help: convert the identifier to upper camel case: `MessageMove`

warning: type `Message_Ping` should have an upper camel case name
   --> /home/user/Ranger/gallery/rustfriendly/generated/03_enums_shapes.rs:160:8
    |
160 | struct Message_Ping { 
    |        ^^^^^^^^^^^^ help: convert the identifier to upper camel case: `MessagePing`

warning: type `Message_Text` should have an upper camel case name
   --> /home/user/Ranger/gallery/rustfriendly/generated/03_enums_shapes.rs:170:8
    |
170 | struct Message_Text { 
    |        ^^^^^^^^^^^^ help: convert the identifier to upper camel case: `MessageText`

warning: type `Message_Move` should have an upper camel case name
   --> /home/user/Ranger/gallery/rustfriendly/generated/03_enums_shapes.rs:184:8
    |
184 | struct Message_Move { 
    |        ^^^^^^^^^^^^ help: convert the identifier to upper camel case: `MessageMove`

warning: type `Message__ops` should have an upper camel case name
   --> /home/user/Ranger/gallery/rustfriendly/generated/03_enums_shapes.rs:201:8
    |
201 | struct Message__ops { 
    |        ^^^^^^^^^^^^ help: convert the identifier to upper camel case: `MessageOps`

warning: type `Message_Ping` is more private than the item `union_Message::Message_Ping::0`
   --> /home/user/Ranger/gallery/rustfriendly/generated/03_enums_shapes.rs:21:18
    |
 21 |     Message_Ping(Message_Ping),
    |                  ^^^^^^^^^^^^ field `union_Message::Message_Ping::0` is reachable at visibility `pub`
    |
note: but type `Message_Ping` is only usable at visibility `pub(crate)`
   --> /home/user/Ranger/gallery/rustfriendly/generated/03_enums_shapes.rs:160:1
    |
160 | struct Message_Ping { 
    | ^^^^^^^^^^^^^^^^^^^
    = note: `#[warn(private_interfaces)]` on by default

warning: type `Message_Text` is more private than the item `union_Message::Message_Text::0`
   --> /home/user/Ranger/gallery/rustfriendly/generated/03_enums_shapes.rs:22:18
    |
 22 |     Message_Text(Rc<RefCell<Message_Text>>),
    |                  ^^^^^^^^^^^^^^^^^^^^^^^^^ field `union_Message::Message_Text::0` is reachable at visibility `pub`
    |
note: but type `Message_Text` is only usable at visibility `pub(crate)`
   --> /home/user/Ranger/gallery/rustfriendly/generated/03_enums_shapes.rs:170:1
    |
170 | struct Message_Text { 
    | ^^^^^^^^^^^^^^^^^^^

warning: type `Message_Move` is more private than the item `union_Message::Message_Move::0`
   --> /home/user/Ranger/gallery/rustfriendly/generated/03_enums_shapes.rs:23:18
    |
 23 |     Message_Move(Message_Move),
    |                  ^^^^^^^^^^^^ field `union_Message::Message_Move::0` is reachable at visibility `pub`
    |
note: but type `Message_Move` is only usable at visibility `pub(crate)`
   --> /home/user/Ranger/gallery/rustfriendly/generated/03_enums_shapes.rs:184:1
    |
184 | struct Message_Move { 
    | ^^^^^^^^^^^^^^^^^^^

warning: 11 warnings emitted

