
* Ranger Compiler v3.5.1

  Input:  /home/user/Ranger/gallery/rustfriendly/src/05_iterators.rgr
  Output: 05_iterators.rs
  Target: Rust

─────────────────────────────────────────────────────

Livecompiler starting with language => rust
[1/5] Collecting methods...
[2/5] Analyzing code...
[3/5] Static analysis for rust
ownership[infer] fn set:
  param 'idx' -> borrowed
  param 'item' -> borrowed
ownership[infer] fn insert:
  param 'idx' -> borrowed
  param 'item' -> borrowed
ownership[infer] fn get:
  param 'idx' -> borrowed
ownership[infer] fn add:
  param 'item' -> borrowed
ownership[infer] fn map:
  param 'cb' -> borrowed
ownership[infer] fn total:
  param 'xs' -> borrowed
ownership[infer] fn evenCount:
  param 'xs' -> borrowed
ownership[infer] fn doubled:
  param 'xs' -> borrowed
ownership[infer] fn applyEach:
  param 'xs' -> borrowed
  param 'f' -> borrowed
ownership[rust] class Stats -> value
ownership[rust] class IterMain -> value
[4/5] Generating code...
[5/5] Writing output...

─────────────────────────────────────────────────────

[OK] Compilation successful!

  Output: /home/user/Ranger/gallery/rustfriendly/generated/05_iterators.rs
  Time:   290ms

Saving results to path : /home/user/Ranger/gallery/rustfriendly/generated
