
* Ranger Compiler v3.5.1

  Input:  /home/user/Ranger/gallery/rustfriendly/src/07_slices_strings.rgr
  Output: 07_slices_strings.rs
  Target: Rust

─────────────────────────────────────────────────────

Livecompiler starting with language => rust
[1/5] Collecting methods...
[2/5] Analyzing code...
[3/5] Static analysis for rust
ownership[infer] fn set:
  param 'idx' -> borrowed
  param 'item' -> borrowed
ownership[infer] fn insert:
  param 'idx' -> borrowed
  param 'item' -> borrowed
ownership[infer] fn get:
  param 'idx' -> borrowed
ownership[infer] fn add:
  param 'item' -> borrowed
ownership[infer] fn map:
  param 'cb' -> borrowed
ownership[infer] fn greet:
  param 'name' -> borrowed
ownership[infer] fn total:
  param 'xs' -> borrowed
ownership[infer] fn firstChar:
  param 's' -> borrowed
ownership[infer] fn twice:
  param 'xs' -> borrowed
ownership[rust] class TextTools -> value
ownership[rust] class SliceMain -> value
[4/5] Generating code...
[5/5] Writing output...

─────────────────────────────────────────────────────

[OK] Compilation successful!

  Output: /home/user/Ranger/gallery/rustfriendly/generated/07_slices_strings.rs
  Time:   358ms

Saving results to path : /home/user/Ranger/gallery/rustfriendly/generated
