
* Ranger Compiler v3.5.1

  Input:  /home/user/Ranger/gallery/rustfriendly/src/08_builder.rgr
  Output: 08_builder.rs
  Target: Rust

─────────────────────────────────────────────────────

Livecompiler starting with language => rust
[1/5] Collecting methods...
[2/5] Analyzing code...
[3/5] Static analysis for rust
ownership[infer] fn set:
  param 'idx' -> borrowed
  param 'item' -> borrowed
ownership[infer] fn insert:
  param 'idx' -> borrowed
  param 'item' -> borrowed
ownership[infer] fn get:
  param 'idx' -> borrowed
ownership[infer] fn add:
  param 'item' -> borrowed
ownership[infer] fn map:
  param 'cb' -> borrowed
ownership[infer] fn Constructor:
  param 'host' -> borrowed
  param 'host' -> borrowed
  param 'path' -> borrowed
  param 'path' -> borrowed
  param 'port' -> borrowed
  param 'port' -> borrowed
ownership[infer] fn withHost:
  param 'r' -> borrowed
  param 'h' -> borrowed
ownership[infer] fn withPath:
  param 'r' -> borrowed
  param 'p' -> borrowed
ownership[infer] fn withPort:
  param 'r' -> borrowed
  param 'n' -> borrowed
ownership[infer] fn url:
  param 'r' -> borrowed
ownership[infer] fn withHost:
  param 'h' -> borrowed
ownership[infer] fn withPath:
  param 'p' -> borrowed
ownership[infer] fn withPort:
  param 'n' -> borrowed
ownership[rust] class Request -> value
ownership[rust] class RequestBuild -> value
ownership[rust] class MutRequest -> value
ownership[rust] class BuilderMain -> value
[4/5] Generating code...
[5/5] Writing output...

─────────────────────────────────────────────────────

[OK] Compilation successful!

  Output: /home/user/Ranger/gallery/rustfriendly/generated/08_builder.rs
  Time:   394ms

Saving results to path : /home/user/Ranger/gallery/rustfriendly/generated
