
* Ranger Compiler v3.5.1

  Input:  /home/user/Ranger/gallery/rustfriendly/src/09_errors.rgr
  Output: 09_errors.rs
  Target: Rust

─────────────────────────────────────────────────────

Livecompiler starting with language => rust
[1/5] Collecting methods...
[2/5] Analyzing code...
[3/5] Static analysis for rust
ownership[infer] fn set:
  param 'idx' -> borrowed
  param 'item' -> borrowed
ownership[infer] fn insert:
  param 'idx' -> borrowed
  param 'item' -> borrowed
ownership[infer] fn get:
  param 'idx' -> borrowed
ownership[infer] fn add:
  param 'item' -> borrowed
ownership[infer] fn map:
  param 'cb' -> borrowed
ownership[infer] fn Constructor:
  param 'value' -> borrowed
  param 'value' -> borrowed
ownership[infer] fn Constructor:
  param 'message' -> borrowed
  param 'message' -> borrowed
ownership[infer] fn equals:
  param 'a' -> borrowed
  param 'b' -> borrowed
ownership[infer] fn notEquals:
  param 'a' -> borrowed
  param 'b' -> borrowed
ownership[infer] fn check:
  param 'value' -> borrowed
ownership[infer] fn describe:
  param 'g' -> borrowed
ownership[rust] class Guarded_Ok -> value
ownership[rust] class Guarded_Err -> Rc<RefCell> (member of union Guarded)
ownership[rust] class Guarded__ops -> value
ownership[rust] class Guard -> value
ownership[rust] class ErrorsMain -> value
[4/5] Generating code...
[5/5] Writing output...

─────────────────────────────────────────────────────

[OK] Compilation successful!

  Output: /home/user/Ranger/gallery/rustfriendly/generated/09_errors.rs
  Time:   384ms

Saving results to path : /home/user/Ranger/gallery/rustfriendly/generated
