
* Ranger Compiler v3.5.1

  Input:  /home/user/Ranger/gallery/rustfriendly/src/10_optional_params.rgr
  Output: 10_optional_params.rs
  Target: Rust

─────────────────────────────────────────────────────

Livecompiler starting with language => rust
[1/5] Collecting methods...
[2/5] Analyzing code...
[3/5] Static analysis for rust
ownership[infer] fn set:
  param 'idx' -> borrowed
  param 'item' -> borrowed
ownership[infer] fn insert:
  param 'idx' -> borrowed
  param 'item' -> borrowed
ownership[infer] fn get:
  param 'idx' -> borrowed
ownership[infer] fn add:
  param 'item' -> borrowed
ownership[infer] fn map:
  param 'cb' -> borrowed
ownership[infer] fn shown:
  param 'maybe' -> borrowed
ownership[infer] fn shownInt:
  param 'a' -> borrowed
ownership[infer] fn shownPoint:
  param 'p' -> borrowed
ownership[rust] class Point -> Rc<RefCell> (aliased and mutated in main)
ownership[rust] class OptionalParams -> value
[4/5] Generating code...
[5/5] Writing output...

─────────────────────────────────────────────────────

[OK] Compilation successful!

  Output: /home/user/Ranger/gallery/rustfriendly/generated/10_optional_params.rs
  Time:   312ms

Saving results to path : /home/user/Ranger/gallery/rustfriendly/generated
