
* Ranger Compiler v3.5.1

  Input:  /home/user/Ranger/gallery/rustfriendly/attempts/04_trait_as_type.rgr
  Output: attempt_04_trait_as_type.rs
  Target: Rust

─────────────────────────────────────────────────────

Livecompiler starting with language => rust
[1/5] Collecting methods...
[2/5] Analyzing code...
[3/5] Static analysis for rust
ownership[infer] fn set:
  param 'idx' -> borrowed
  param 'item' -> borrowed
ownership[infer] fn insert:
  param 'idx' -> borrowed
  param 'item' -> borrowed
ownership[infer] fn get:
  param 'idx' -> borrowed
ownership[infer] fn add:
  param 'item' -> borrowed
ownership[infer] fn map:
  param 'cb' -> borrowed
ownership[infer] fn show:
  param 'n' -> borrowed
ownership[rust] class User -> value
ownership[rust] class Bot -> value
ownership[rust] class TraitAsType -> value
[4/5] Generating code...
[5/5] Writing output...

/home/user/Ranger/gallery/rustfriendly/attempts/04_trait_as_type.rgr:42:20

  [FAIL] the Rust target writes a `trait` as a mixin, so `Named` is not a type it can name. Use a class with subclasses (`Extends(Base)`), which does emit a Rust trait object, or give the parameter a concrete type.

    41 │ class TraitAsType {
    42 │     fn show:string (n:Named) {
                             ^── here
    43 │         return (n.label())


─────────────────────────────────────────────────────

[FAIL] Compilation FAILED (1 error)

Saving results to path : /tmp/rustfriendly-bin
