
* Ranger Compiler v3.5.1

  Input:  /home/user/Ranger/gallery/rustfriendly/attempts/09_throw_panics.rgr
  Output: attempt_09_throw_panics.rs
  Target: Rust

─────────────────────────────────────────────────────

Livecompiler starting with language => rust
[1/5] Collecting methods...

/home/user/Ranger/gallery/rustfriendly/attempts/09_throw_panics.rgr:26:8

  [FAIL] the Rust target has no exceptions and would drop this catch block. Return a value instead: a `shape` with Ok / Err cases, matched at the call site. `-rust-allow-dropped-catch` keeps the old behaviour and prints each site.

    25 │         def caught:string "none"
    26 │         try {
                 ^── here
    27 │             def ok:int (g.mustBePositive(3))


/home/user/Ranger/gallery/rustfriendly/attempts/09_throw_panics.rgr:33:8

  [FAIL] the Rust target has no exceptions and would drop this catch block. Return a value instead: a `shape` with Ok / Err cases, matched at the call site. `-rust-allow-dropped-catch` keeps the old behaviour and prints each site.

    32 │         print ("after_ok " + caught)
    33 │         try {
                 ^── here
    34 │             def bad:int (g.mustBePositive((0 - 1)))


─────────────────────────────────────────────────────

[FAIL] Compilation FAILED (2 errors)

